// Jest Snapshot v1, https://goo.gl/fbAQLP

exports[`MapList Should render a list of custom components 1`] = `
{
  "$$typeof": Symbol(react.transitional.element),
  "_owner": null,
  "_store": {},
  "key": null,
  "props": {
    "data": [
      {
        "brand": "Marca Exemplo",
        "description": "Descrição do produto 1.",
        "id": 1,
        "image": "",
        "model": "Modelo Exemplo",
        "price": "$19.99",
        "title": "Produto 1",
      },
      {
        "brand": "Marca Exemplo",
        "description": "Descrição do produto 2.",
        "id": 2,
        "image": "",
        "model": "Modelo Exemplo",
        "price": "$19.99",
        "title": "Produto 2",
      },
      {
        "brand": "Marca Exemplo",
        "description": "Descrição do produto 3.",
        "id": 3,
        "image": "",
        "model": "Modelo Exemplo",
        "price": "$19.99",
        "title": "Produto 3",
      },
      {
        "brand": "Marca Exemplo",
        "description": "Descrição do produto 4.",
        "id": 4,
        "image": "",
        "model": "Modelo Exemplo",
        "price": "$19.99",
        "title": "Produto 4",
      },
      {
        "brand": "Marca Exemplo",
        "description": "Descrição do produto 5.",
        "id": 5,
        "image": "",
        "model": "Modelo Exemplo",
        "price": "$19.99",
        "title": "Produto 5",
      },
      {
        "brand": "Marca Exemplo",
        "description": "Descrição do produto 6.",
        "id": 6,
        "image": "",
        "model": "Modelo Exemplo",
        "price": "$19.99",
        "title": "Produto 6",
      },
      {
        "brand": "Marca Exemplo",
        "description": "Descrição do produto 7.",
        "id": 7,
        "image": "",
        "model": "Modelo Exemplo",
        "price": "$19.99",
        "title": "Produto 7",
      },
      {
        "brand": "Marca Exemplo",
        "description": "Descrição do produto 8.",
        "id": 8,
        "image": "",
        "model": "Modelo Exemplo",
        "price": "$19.99",
        "title": "Produto 8",
      },
      {
        "brand": "Marca Exemplo",
        "description": "Descrição do produto 9.",
        "id": 9,
        "image": "",
        "model": "Modelo Exemplo",
        "price": "$19.99",
        "title": "Produto 9",
      },
      {
        "brand": "Marca Exemplo",
        "description": "Descrição do produto 10.",
        "id": 10,
        "image": "",
        "model": "Modelo Exemplo",
        "price": "$19.99",
        "title": "Produto 10",
      },
      {
        "brand": "Marca Exemplo",
        "description": "Descrição do produto 11.",
        "id": 11,
        "image": "",
        "model": "Modelo Exemplo",
        "price": "$19.99",
        "title": "Produto 11",
      },
      {
        "brand": "Marca Exemplo",
        "description": "Descrição do produto 12.",
        "id": 12,
        "image": "",
        "model": "Modelo Exemplo",
        "price": "$19.99",
        "title": "Produto 12",
      },
      {
        "brand": "Marca Exemplo",
        "description": "Descrição do produto 13.",
        "id": 13,
        "image": "",
        "model": "Modelo Exemplo",
        "price": "$19.99",
        "title": "Produto 13",
      },
      {
        "brand": "Marca Exemplo",
        "description": "Descrição do produto 14.",
        "id": 14,
        "image": "",
        "model": "Modelo Exemplo",
        "price": "$19.99",
        "title": "Produto 14",
      },
      {
        "brand": "Marca Exemplo",
        "description": "Descrição do produto 15.",
        "id": 15,
        "image": "",
        "model": "Modelo Exemplo",
        "price": "$19.99",
        "title": "Produto 15",
      },
      {
        "brand": "Marca Exemplo",
        "description": "Descrição do produto 16.",
        "id": 16,
        "image": "",
        "model": "Modelo Exemplo",
        "price": "$19.99",
        "title": "Produto 16",
      },
      {
        "brand": "Marca Exemplo",
        "description": "Descrição do produto 17.",
        "id": 17,
        "image": "",
        "model": "Modelo Exemplo",
        "price": "$19.99",
        "title": "Produto 17",
      },
      {
        "brand": "Marca Exemplo",
        "description": "Descrição do produto 18.",
        "id": 18,
        "image": "",
        "model": "Modelo Exemplo",
        "price": "$19.99",
        "title": "Produto 18",
      },
      {
        "brand": "Marca Exemplo",
        "description": "Descrição do produto 19.",
        "id": 19,
        "image": "",
        "model": "Modelo Exemplo",
        "price": "$19.99",
        "title": "Produto 19",
      },
      {
        "brand": "Marca Exemplo",
        "description": "Descrição do produto 20.",
        "id": 20,
        "image": "",
        "model": "Modelo Exemplo",
        "price": "$19.99",
        "title": "Produto 20",
      },
    ],
    "renderItem": [Function],
  },
  "type": [Function],
}
`;

exports[`MapList Should render a list of text 1`] = `
{
  "$$typeof": Symbol(react.transitional.element),
  "_owner": null,
  "_store": {},
  "key": null,
  "props": {
    "data": [
      {
        "label": "Tv",
        "value": "tv",
      },
      {
        "label": "Audio",
        "value": "audio",
      },
      {
        "label": "Laptop",
        "value": "laptop",
      },
      {
        "label": "Mobile",
        "value": "mobile",
      },
      {
        "label": "Gaming",
        "value": "gaming",
      },
      {
        "label": "Appliances",
        "value": "appliances",
      },
    ],
    "renderItem": [Function],
  },
  "type": [Function],
}
`;
